******************************************************************************
                  TI ARM Linker PC v20.2.7                     
******************************************************************************
>> Linked Tue May 28 17:00:22 2024

OUTPUT FILE NAME:   <application.out>
ENTRY POINT SYMBOL: "_c_int00_noinit_noargs"  address: 00001849


MEMORY CONFIGURATION

         name            origin    length      used     unused   attr    fill
----------------------  --------  ---------  --------  --------  ----  --------
  FLASH                 00001000   00000fff  00000a08  000005f7  R  X
  SRAM                  20000000   00008000  00000200  00007e00  RW X


SEGMENT ALLOCATION MAP

run origin  load origin   length   init length attrs members
----------  ----------- ---------- ----------- ----- -------
00001000    00001000    00000a08   00000a08    r-x
  00001000    00001000    0000026c   0000026c    r-- .intvecs
  0000126c    0000126c    000006a0   000006a0    r-x .text
  0000190c    0000190c    000000fc   000000fc    r-- .const
20000000    20000000    00000200   00000000    rw-
  20000000    20000000    00000200   00000000    rw- .stack


SECTION ALLOCATION MAP

 output                                  attributes/
section   page    origin      length       input sections
--------  ----  ----------  ----------   ----------------
.intvecs   0    00001000    0000026c     
                  00001000    0000026c     tm4c123gh6pm_startup_ccs.obj (.intvecs)

.text      0    0000126c    000006a0     
                  0000126c    0000016c     driverlib.lib : gpio.obj (.text:GPIOPadConfigSet)
                  000013d8    00000118                   : sysctl.obj (.text:SysCtlClockGet)
                  000014f0    000000f4                   : sysctl.obj (.text:SysCtlClockSet)
                  000015e4    000000ec     UART_Driver.obj (.text)
                  000016d0    0000004c     driverlib.lib : gpio.obj (.text:GPIOPinConfigure)
                  0000171c    0000004c     main.obj (.text)
                  00001768    00000046     driverlib.lib : uart.obj (.text:UARTConfigSetExpClk)
                  000017ae    00000002     --HOLE-- [fill = 0]
                  000017b0    00000038                   : sysctl.obj (.text:SysCtlPeripheralReady)
                  000017e8    00000034                   : sysctl.obj (.text:SysCtlPeripheralEnable)
                  0000181c    0000002c                   : gpio.obj (.text:GPIODirModeSet)
                  00001848    0000002c     rtsv7M4_T_le_v4SPD16_eabi.lib : boot_cortex_m.c.obj (.text:_c_int00_noinit_noargs:_c_int00_noinit_noargs)
                  00001874    00000020     driverlib.lib : uart.obj (.text:UARTDisable)
                  00001894    0000001a                   : gpio.obj (.text:GPIOPinTypeGPIOOutput)
                  000018ae    00000016                   : gpio.obj (.text:GPIOPinTypeUART)
                  000018c4    00000014                   : uart.obj (.text:UARTEnable)
                  000018d8    0000000c     tm4c123gh6pm_startup_ccs.obj (.text)
                  000018e4    0000000a     driverlib.lib : uart.obj (.text:UARTCharGet)
                  000018ee    0000000a                   : uart.obj (.text:UARTCharPut)
                  000018f8    00000006                   : gpio.obj (.text:GPIOPinWrite)
                  000018fe    00000006                   : sysctl.obj (.text:SysCtlDelay)
                  00001904    00000004     rtsv7M4_T_le_v4SPD16_eabi.lib : pre_init.c.obj (.text:_system_pre_init)
                  00001908    00000004                                   : exit.c.obj (.text:abort:abort)

.const     0    0000190c    000000fc     
                  0000190c    00000090     driverlib.lib : gpio.obj (.const:g_pui32GPIOBaseAddrs)
                  0000199c    0000006c                   : sysctl.obj (.const:g_pui32Xtals)

.cinit     0    00001000    00000000     UNINITIALIZED

.init_array 
*          0    00001000    00000000     UNINITIALIZED

.stack     0    20000000    00000200     UNINITIALIZED
                  20000000    00000004     rtsv7M4_T_le_v4SPD16_eabi.lib : boot_cortex_m.c.obj (.stack)
                  20000004    000001fc     --HOLE--

__llvm_prf_cnts 
*          0    20000000    00000000     UNINITIALIZED

MODULE SUMMARY

       Module                         code   ro data   rw data
       ------                         ----   -------   -------
    .\
       tm4c123gh6pm_startup_ccs.obj   12     620       0      
       UART_Driver.obj                236    0         0      
       main.obj                       76     0         0      
    +--+------------------------------+------+---------+---------+
       Total:                         324    620       0      
                                                              
    C:\ti\ccs1260\ccs\tools\compiler\ti-cgt-arm_20.2.7.LTS\lib\rtsv7M4_T_le_v4SPD16_eabi.lib
       boot_cortex_m.c.obj            44     0         0      
       exit.c.obj                     4      0         0      
       pre_init.c.obj                 4      0         0      
    +--+------------------------------+------+---------+---------+
       Total:                         52     0         0      
                                                              
    E:/Tivaware/driverlib/ccs/Debug/driverlib.lib
       sysctl.obj                     638    108       0      
       gpio.obj                       538    144       0      
       uart.obj                       142    0         0      
    +--+------------------------------+------+---------+---------+
       Total:                         1318   252       0      
                                                              
       Stack:                         0      0         512    
    +--+------------------------------+------+---------+---------+
       Grand Total:                   1694   872       512    


GLOBAL SYMBOLS: SORTED ALPHABETICALLY BY Name 

address   name                   
-------   ----                   
00001909  C$$EXIT                
0000171d  Clock_Init             
0000181d  GPIODirModeSet         
0000126d  GPIOPadConfigSet       
000016d1  GPIOPinConfigure       
00001895  GPIOPinTypeGPIOOutput  
000018af  GPIOPinTypeUART        
000018f9  GPIOPinWrite           
000018d9  ResetISR               
000013d9  SysCtlClockGet         
000014f1  SysCtlClockSet         
000018ff  SysCtlDelay            
000017e9  SysCtlPeripheralEnable 
000017b1  SysCtlPeripheralReady  
000015e5  UART0_Init             
000018e5  UARTCharGet            
000018ef  UARTCharPut            
00001769  UARTConfigSetExpClk    
00001875  UARTDisable            
000018c5  UARTEnable             
0000168d  UART_Rec_Sring_Size    
0000164f  UART_Rec_Str           
00001625  UART_Send_Str          
20000200  __STACK_END            
00000200  __STACK_SIZE           
20000200  __STACK_TOP            
ffffffff  __TI_pprof_out_hndl    
ffffffff  __TI_prof_data_size    
ffffffff  __TI_prof_data_start   
00001000  __TI_static_base__     
ffffffff  __binit__              
ffffffff  __c_args__             
UNDEFED   __mpu_init             
20000000  __stack                
20000000  __start___llvm_prf_cnts
20000000  __stop___llvm_prf_cnts 
00001849  _c_int00_noinit_noargs 
00001905  _system_pre_init       
00001909  abort                  
ffffffff  binit                  
00001000  g_pfnVectors           
00001727  main                   


GLOBAL SYMBOLS: SORTED BY Symbol Address 

address   name                   
-------   ----                   
00000200  __STACK_SIZE           
00001000  __TI_static_base__     
00001000  g_pfnVectors           
0000126d  GPIOPadConfigSet       
000013d9  SysCtlClockGet         
000014f1  SysCtlClockSet         
000015e5  UART0_Init             
00001625  UART_Send_Str          
0000164f  UART_Rec_Str           
0000168d  UART_Rec_Sring_Size    
000016d1  GPIOPinConfigure       
0000171d  Clock_Init             
00001727  main                   
00001769  UARTConfigSetExpClk    
000017b1  SysCtlPeripheralReady  
000017e9  SysCtlPeripheralEnable 
0000181d  GPIODirModeSet         
00001849  _c_int00_noinit_noargs 
00001875  UARTDisable            
00001895  GPIOPinTypeGPIOOutput  
000018af  GPIOPinTypeUART        
000018c5  UARTEnable             
000018d9  ResetISR               
000018e5  UARTCharGet            
000018ef  UARTCharPut            
000018f9  GPIOPinWrite           
000018ff  SysCtlDelay            
00001905  _system_pre_init       
00001909  C$$EXIT                
00001909  abort                  
20000000  __stack                
20000000  __start___llvm_prf_cnts
20000000  __stop___llvm_prf_cnts 
20000200  __STACK_END            
20000200  __STACK_TOP            
ffffffff  __TI_pprof_out_hndl    
ffffffff  __TI_prof_data_size    
ffffffff  __TI_prof_data_start   
ffffffff  __binit__              
ffffffff  __c_args__             
ffffffff  binit                  
UNDEFED   __mpu_init             

[42 symbols]
