******************************************************************************
                  TI ARM Linker PC v20.2.7                     
******************************************************************************
>> Linked Wed May 29 14:14:04 2024

OUTPUT FILE NAME:   <BootLoader.out>
ENTRY POINT SYMBOL: "_c_int00_noargs"  address: 00000ccd


MEMORY CONFIGURATION

         name            origin    length      used     unused   attr    fill
----------------------  --------  ---------  --------  --------  ----  --------
  FLASH                 00000000   00000fff  00000f2e  000000d1  R  X
  SRAM                  20000000   00008000  00000270  00007d90  RW X


SEGMENT ALLOCATION MAP

run origin  load origin   length   init length attrs members
----------  ----------- ---------- ----------- ----- -------
00000000    00000000    00000f30   00000f30    r-x
  00000000    00000000    0000026c   0000026c    r-- .intvecs
  0000026c    0000026c    00000b9a   00000b9a    r-x .text
  00000e08    00000e08    00000100   00000100    r-- .const
  00000f08    00000f08    00000028   00000028    r-- .cinit
20000000    20000000    00000270   00000000    rw-
  20000000    20000000    00000200   00000000    rw- .stack
  20000200    20000200    00000070   00000000    rw- .data


SECTION ALLOCATION MAP

 output                                  attributes/
section   page    origin      length       input sections
--------  ----  ----------  ----------   ----------------
.intvecs   0    00000000    0000026c     
                  00000000    0000026c     tm4c123gh6pm_startup_ccs.obj (.intvecs)

.text      0    0000026c    00000b9a     
                  0000026c    00000308     Bootloader.obj (.text)
                  00000574    0000016c     driverlib.lib : gpio.obj (.text:GPIOPadConfigSet)
                  000006e0    00000118                   : sysctl.obj (.text:SysCtlClockGet)
                  000007f8    000000f4                   : sysctl.obj (.text:SysCtlClockSet)
                  000008ec    000000ec     UART_Driver.obj (.text)
                  000009d8    0000009c     rtsv7M4_T_le_v4SPD16_eabi.lib : memcpy_t2.asm.obj (.text)
                  00000a74    0000007a                                   : memset_t2.asm.obj (.text)
                  00000aee    00000002     --HOLE-- [fill = 0]
                  00000af0    00000068     driverlib.lib : flash.obj (.text:FlashProgram)
                  00000b58    00000068     rtsv7M4_T_le_v4SPD16_eabi.lib : copy_decompress_lzss.c.obj (.text:decompress:lzss:__TI_decompress_lzss)
                  00000bc0    0000004c     driverlib.lib : gpio.obj (.text:GPIOPinConfigure)
                  00000c0c    00000046                   : uart.obj (.text:UARTConfigSetExpClk)
                  00000c52    00000002     --HOLE-- [fill = 0]
                  00000c54    00000044     rtsv7M4_T_le_v4SPD16_eabi.lib : autoinit.c.obj (.text:__TI_auto_init_nobinit_nopinit:__TI_auto_init_nobinit_nopinit)
                  00000c98    00000034     driverlib.lib : sysctl.obj (.text:SysCtlPeripheralEnable)
                  00000ccc    00000034     rtsv7M4_T_le_v4SPD16_eabi.lib : boot_cortex_m.c.obj (.text:_c_int00_noargs:_c_int00_noargs)
                  00000d00    00000030     driverlib.lib : flash.obj (.text:FlashErase)
                  00000d30    0000002c                   : gpio.obj (.text:GPIODirModeSet)
                  00000d5c    00000024     main.obj (.text)
                  00000d80    00000020     driverlib.lib : uart.obj (.text:UARTDisable)
                  00000da0    00000016                   : gpio.obj (.text:GPIOPinTypeUART)
                  00000db6    00000014                   : uart.obj (.text:UARTEnable)
                  00000dca    0000000e     rtsv7M4_T_le_v4SPD16_eabi.lib : copy_decompress_none.c.obj (.text:decompress:none:__TI_decompress_none)
                  00000dd8    0000000c     tm4c123gh6pm_startup_ccs.obj (.text)
                  00000de4    0000000a     driverlib.lib : uart.obj (.text:UARTCharGet)
                  00000dee    0000000a                   : uart.obj (.text:UARTCharPut)
                  00000df8    00000006                   : sysctl.obj (.text:SysCtlDelay)
                  00000dfe    00000004     rtsv7M4_T_le_v4SPD16_eabi.lib : pre_init.c.obj (.text:_system_pre_init)
                  00000e02    00000004                                   : exit.c.obj (.text:abort:abort)

.const     0    00000e08    00000100     
                  00000e08    00000090     driverlib.lib : gpio.obj (.const:g_pui32GPIOBaseAddrs)
                  00000e98    0000006c                   : sysctl.obj (.const:g_pui32Xtals)
                  00000f04    00000004     Bootloader.obj (.const:.string:$P$T0$1)

.cinit     0    00000f08    00000028     
                  00000f08    00000015     (.cinit..data.load) [load image, compression = lzss]
                  00000f1d    00000003     --HOLE-- [fill = 0]
                  00000f20    00000008     (__TI_handler_table)
                  00000f28    00000008     (__TI_cinit_table)

.init_array 
*          0    00000000    00000000     UNINITIALIZED

.data      0    20000200    00000070     UNINITIALIZED
                  20000200    00000064     Bootloader.obj (.data:Status_Buffer)
                  20000264    0000000c     Bootloader.obj (.data:BL_Get_Command)

.stack     0    20000000    00000200     UNINITIALIZED
                  20000000    00000004     rtsv7M4_T_le_v4SPD16_eabi.lib : boot_cortex_m.c.obj (.stack)
                  20000004    000001fc     --HOLE--

__llvm_prf_cnts 
*          0    20000000    00000000     UNINITIALIZED

MODULE SUMMARY

       Module                         code   ro data   rw data
       ------                         ----   -------   -------
    .\
       Bootloader.obj                 776    4         112    
       tm4c123gh6pm_startup_ccs.obj   12     620       0      
       UART_Driver.obj                236    0         0      
       main.obj                       36     0         0      
    +--+------------------------------+------+---------+---------+
       Total:                         1060   624       112    
                                                              
    C:\ti\ccs1260\ccs\tools\compiler\ti-cgt-arm_20.2.7.LTS\lib\rtsv7M4_T_le_v4SPD16_eabi.lib
       memcpy_t2.asm.obj              156    0         0      
       memset_t2.asm.obj              122    0         0      
       copy_decompress_lzss.c.obj     104    0         0      
       autoinit.c.obj                 68     0         0      
       boot_cortex_m.c.obj            52     0         0      
       copy_decompress_none.c.obj     14     0         0      
       exit.c.obj                     4      0         0      
       pre_init.c.obj                 4      0         0      
    +--+------------------------------+------+---------+---------+
       Total:                         524    0         0      
                                                              
    E:/Tivaware/driverlib/ccs/Debug/driverlib.lib
       sysctl.obj                     582    108       0      
       gpio.obj                       506    144       0      
       flash.obj                      152    0         0      
       uart.obj                       142    0         0      
    +--+------------------------------+------+---------+---------+
       Total:                         1382   252       0      
                                                              
       Stack:                         0      0         512    
       Linker Generated:              0      37        0      
    +--+------------------------------+------+---------+---------+
       Grand Total:                   2966   913       624    


LINKER GENERATED COPY TABLES

__TI_cinit_table @ 00000f28 records: 1, size/record: 8, table size: 8
	.data: load addr=00000f08, load size=00000015 bytes, run addr=20000200, run size=00000070 bytes, compression=lzss


LINKER GENERATED HANDLER TABLE

__TI_handler_table @ 00000f20 records: 2, size/record: 4, table size: 8
	index: 0, handler: __TI_decompress_lzss
	index: 1, handler: __TI_decompress_none


GLOBAL SYMBOLS: SORTED ALPHABETICALLY BY Name 

address   name                          
-------   ----                          
0000026d  BL_Debbuging_Init             
0000027d  BL_Fetch_Command              
00000275  BL_Fetch_Init                 
000003a5  BL_Get_Help                   
00000373  BL_Get_Version                
000003d1  BL_Send_ACK                   
000003f9  BL_Send_NACK                  
00000421  Bootloador_Flash_Erase        
00000497  Bootloador_ProgramHandle      
00000499  Bootloador_Write              
00000e03  C$$EXIT                       
00000d5d  Clock_Init                    
00000d01  FlashErase                    
00000af1  FlashProgram                  
00000d31  GPIODirModeSet                
00000575  GPIOPadConfigSet              
00000bc1  GPIOPinConfigure              
00000da1  GPIOPinTypeUART               
00000dd9  ResetISR                      
20000200  Status_Buffer                 
000006e1  SysCtlClockGet                
000007f9  SysCtlClockSet                
00000df9  SysCtlDelay                   
00000c99  SysCtlPeripheralEnable        
000008ed  UART0_Init                    
00000de5  UARTCharGet                   
00000def  UARTCharPut                   
00000c0d  UARTConfigSetExpClk           
00000d81  UARTDisable                   
00000db7  UARTEnable                    
00000995  UART_Rec_Sring_Size           
00000957  UART_Rec_Str                  
0000092d  UART_Send_Str                 
20000200  __STACK_END                   
00000200  __STACK_SIZE                  
20000200  __STACK_TOP                   
00000f28  __TI_CINIT_Base               
00000f30  __TI_CINIT_Limit              
00000f20  __TI_Handler_Table_Base       
00000f28  __TI_Handler_Table_Limit      
00000c55  __TI_auto_init_nobinit_nopinit
00000b59  __TI_decompress_lzss          
00000dcb  __TI_decompress_none          
ffffffff  __TI_pprof_out_hndl           
ffffffff  __TI_prof_data_size           
ffffffff  __TI_prof_data_start          
00000000  __TI_static_base__            
00000a75  __aeabi_memclr                
00000a75  __aeabi_memclr4               
00000a75  __aeabi_memclr8               
000009d9  __aeabi_memcpy                
000009d9  __aeabi_memcpy4               
000009d9  __aeabi_memcpy8               
00000a77  __aeabi_memset                
00000a77  __aeabi_memset4               
00000a77  __aeabi_memset8               
ffffffff  __binit__                     
ffffffff  __c_args__                    
UNDEFED   __mpu_init                    
20000000  __stack                       
20000000  __start___llvm_prf_cnts       
20000000  __stop___llvm_prf_cnts        
00000ccd  _c_int00_noargs               
UNDEFED   _system_post_cinit            
00000dff  _system_pre_init              
00000e03  abort                         
ffffffff  binit                         
00000000  g_pfnVectors                  
00000d67  main                          
000009d9  memcpy                        
00000a7d  memset                        


GLOBAL SYMBOLS: SORTED BY Symbol Address 

address   name                          
-------   ----                          
00000000  __TI_static_base__            
00000000  g_pfnVectors                  
00000200  __STACK_SIZE                  
0000026d  BL_Debbuging_Init             
00000275  BL_Fetch_Init                 
0000027d  BL_Fetch_Command              
00000373  BL_Get_Version                
000003a5  BL_Get_Help                   
000003d1  BL_Send_ACK                   
000003f9  BL_Send_NACK                  
00000421  Bootloador_Flash_Erase        
00000497  Bootloador_ProgramHandle      
00000499  Bootloador_Write              
00000575  GPIOPadConfigSet              
000006e1  SysCtlClockGet                
000007f9  SysCtlClockSet                
000008ed  UART0_Init                    
0000092d  UART_Send_Str                 
00000957  UART_Rec_Str                  
00000995  UART_Rec_Sring_Size           
000009d9  __aeabi_memcpy                
000009d9  __aeabi_memcpy4               
000009d9  __aeabi_memcpy8               
000009d9  memcpy                        
00000a75  __aeabi_memclr                
00000a75  __aeabi_memclr4               
00000a75  __aeabi_memclr8               
00000a77  __aeabi_memset                
00000a77  __aeabi_memset4               
00000a77  __aeabi_memset8               
00000a7d  memset                        
00000af1  FlashProgram                  
00000b59  __TI_decompress_lzss          
00000bc1  GPIOPinConfigure              
00000c0d  UARTConfigSetExpClk           
00000c55  __TI_auto_init_nobinit_nopinit
00000c99  SysCtlPeripheralEnable        
00000ccd  _c_int00_noargs               
00000d01  FlashErase                    
00000d31  GPIODirModeSet                
00000d5d  Clock_Init                    
00000d67  main                          
00000d81  UARTDisable                   
00000da1  GPIOPinTypeUART               
00000db7  UARTEnable                    
00000dcb  __TI_decompress_none          
00000dd9  ResetISR                      
00000de5  UARTCharGet                   
00000def  UARTCharPut                   
00000df9  SysCtlDelay                   
00000dff  _system_pre_init              
00000e03  C$$EXIT                       
00000e03  abort                         
00000f20  __TI_Handler_Table_Base       
00000f28  __TI_CINIT_Base               
00000f28  __TI_Handler_Table_Limit      
00000f30  __TI_CINIT_Limit              
20000000  __stack                       
20000000  __start___llvm_prf_cnts       
20000000  __stop___llvm_prf_cnts        
20000200  Status_Buffer                 
20000200  __STACK_END                   
20000200  __STACK_TOP                   
ffffffff  __TI_pprof_out_hndl           
ffffffff  __TI_prof_data_size           
ffffffff  __TI_prof_data_start          
ffffffff  __binit__                     
ffffffff  __c_args__                    
ffffffff  binit                         
UNDEFED   __mpu_init                    
UNDEFED   _system_post_cinit            

[71 symbols]
