******************************************************************************
                  TI ARM Linker PC v20.2.7                     
******************************************************************************
>> Linked Wed May 15 21:01:55 2024

OUTPUT FILE NAME:   <BootLoader.out>
ENTRY POINT SYMBOL: "_c_int00_noinit_noargs"  address: 00000815


MEMORY CONFIGURATION

         name            origin    length      used     unused   attr    fill
----------------------  --------  ---------  --------  --------  ----  --------
  FLASH                 00000000   00040000  000009dc  0003f624  R  X
  SRAM                  20000000   00008000  00000200  00007e00  RW X


SEGMENT ALLOCATION MAP

run origin  load origin   length   init length attrs members
----------  ----------- ---------- ----------- ----- -------
00000000    00000000    000009dc   000009dc    r-x
  00000000    00000000    0000026c   0000026c    r-- .intvecs
  0000026c    0000026c    00000674   00000674    r-x .text
  000008e0    000008e0    000000fc   000000fc    r-- .const
20000000    20000000    00000200   00000000    rw-
  20000000    20000000    00000200   00000000    rw- .stack


SECTION ALLOCATION MAP

 output                                  attributes/
section   page    origin      length       input sections
--------  ----  ----------  ----------   ----------------
.intvecs   0    00000000    0000026c     
                  00000000    0000026c     tm4c123gh6pm_startup_ccs.obj (.intvecs)

.text      0    0000026c    00000674     
                  0000026c    0000016c     driverlib.lib : gpio.obj (.text:GPIOPadConfigSet)
                  000003d8    00000118                   : sysctl.obj (.text:SysCtlClockGet)
                  000004f0    000000f4                   : sysctl.obj (.text:SysCtlClockSet)
                  000005e4    000000c0     UART_Driver.obj (.text)
                  000006a4    0000007a     rtsv7M4_T_le_v4SPD16_eabi.lib : memset_t2.asm.obj (.text)
                  0000071e    00000002     --HOLE-- [fill = 0]
                  00000720    0000004c     driverlib.lib : gpio.obj (.text:GPIOPinConfigure)
                  0000076c    00000046                   : uart.obj (.text:UARTConfigSetExpClk)
                  000007b2    00000002     --HOLE-- [fill = 0]
                  000007b4    00000034                   : sysctl.obj (.text:SysCtlPeripheralEnable)
                  000007e8    0000002c                   : gpio.obj (.text:GPIODirModeSet)
                  00000814    0000002c     rtsv7M4_T_le_v4SPD16_eabi.lib : boot_cortex_m.c.obj (.text:_c_int00_noinit_noargs:_c_int00_noinit_noargs)
                  00000840    00000028     main.obj (.text)
                  00000868    00000020     driverlib.lib : uart.obj (.text:UARTDisable)
                  00000888    00000016                   : gpio.obj (.text:GPIOPinTypeUART)
                  0000089e    00000014                   : uart.obj (.text:UARTEnable)
                  000008b2    0000000c     tm4c123gh6pm_startup_ccs.obj (.text)
                  000008be    0000000a     driverlib.lib : uart.obj (.text:UARTCharGet)
                  000008c8    0000000a                   : uart.obj (.text:UARTCharPut)
                  000008d2    00000006                   : sysctl.obj (.text:SysCtlDelay)
                  000008d8    00000004     rtsv7M4_T_le_v4SPD16_eabi.lib : pre_init.c.obj (.text:_system_pre_init)
                  000008dc    00000004                                   : exit.c.obj (.text:abort:abort)

.const     0    000008e0    000000fc     
                  000008e0    00000090     driverlib.lib : gpio.obj (.const:g_pui32GPIOBaseAddrs)
                  00000970    0000006c                   : sysctl.obj (.const:g_pui32Xtals)

.cinit     0    00000000    00000000     UNINITIALIZED

.init_array 
*          0    00000000    00000000     UNINITIALIZED

.stack     0    20000000    00000200     UNINITIALIZED
                  20000000    00000004     rtsv7M4_T_le_v4SPD16_eabi.lib : boot_cortex_m.c.obj (.stack)
                  20000004    000001fc     --HOLE--

__llvm_prf_cnts 
*          0    20000000    00000000     UNINITIALIZED

MODULE SUMMARY

       Module                         code   ro data   rw data
       ------                         ----   -------   -------
    .\
       tm4c123gh6pm_startup_ccs.obj   12     620       0      
       UART_Driver.obj                192    0         0      
       main.obj                       40     0         0      
    +--+------------------------------+------+---------+---------+
       Total:                         244    620       0      
                                                              
    C:\ti\ccs1260\ccs\tools\compiler\ti-cgt-arm_20.2.7.LTS\lib\rtsv7M4_T_le_v4SPD16_eabi.lib
       memset_t2.asm.obj              122    0         0      
       boot_cortex_m.c.obj            44     0         0      
       exit.c.obj                     4      0         0      
       pre_init.c.obj                 4      0         0      
    +--+------------------------------+------+---------+---------+
       Total:                         174    0         0      
                                                              
    E:/Tivaware/driverlib/ccs/Debug/driverlib.lib
       sysctl.obj                     582    108       0      
       gpio.obj                       506    144       0      
       uart.obj                       142    0         0      
    +--+------------------------------+------+---------+---------+
       Total:                         1230   252       0      
                                                              
       Stack:                         0      0         512    
    +--+------------------------------+------+---------+---------+
       Grand Total:                   1648   872       512    


GLOBAL SYMBOLS: SORTED ALPHABETICALLY BY Name 

address   name                   
-------   ----                   
000008dd  C$$EXIT                
000007e9  GPIODirModeSet         
0000026d  GPIOPadConfigSet       
00000721  GPIOPinConfigure       
00000889  GPIOPinTypeUART        
000008b3  ResetISR               
000003d9  SysCtlClockGet         
000004f1  SysCtlClockSet         
000008d3  SysCtlDelay            
000007b5  SysCtlPeripheralEnable 
000005e5  UART0_Init             
000008bf  UARTCharGet            
000008c9  UARTCharPut            
0000076d  UARTConfigSetExpClk    
00000869  UARTDisable            
0000089f  UARTEnable             
00000655  UART_Rec_Str           
0000062b  UART_Send_Str          
20000200  __STACK_END            
00000200  __STACK_SIZE           
20000200  __STACK_TOP            
ffffffff  __TI_pprof_out_hndl    
ffffffff  __TI_prof_data_size    
ffffffff  __TI_prof_data_start   
00000000  __TI_static_base__     
000006a5  __aeabi_memclr         
000006a5  __aeabi_memclr4        
000006a5  __aeabi_memclr8        
000006a7  __aeabi_memset         
000006a7  __aeabi_memset4        
000006a7  __aeabi_memset8        
ffffffff  __binit__              
ffffffff  __c_args__             
UNDEFED   __mpu_init             
20000000  __stack                
20000000  __start___llvm_prf_cnts
20000000  __stop___llvm_prf_cnts 
00000815  _c_int00_noinit_noargs 
000008d9  _system_pre_init       
000008dd  abort                  
ffffffff  binit                  
00000000  g_pfnVectors           
00000841  main                   
000006ad  memset                 


GLOBAL SYMBOLS: SORTED BY Symbol Address 

address   name                   
-------   ----                   
00000000  __TI_static_base__     
00000000  g_pfnVectors           
00000200  __STACK_SIZE           
0000026d  GPIOPadConfigSet       
000003d9  SysCtlClockGet         
000004f1  SysCtlClockSet         
000005e5  UART0_Init             
0000062b  UART_Send_Str          
00000655  UART_Rec_Str           
000006a5  __aeabi_memclr         
000006a5  __aeabi_memclr4        
000006a5  __aeabi_memclr8        
000006a7  __aeabi_memset         
000006a7  __aeabi_memset4        
000006a7  __aeabi_memset8        
000006ad  memset                 
00000721  GPIOPinConfigure       
0000076d  UARTConfigSetExpClk    
000007b5  SysCtlPeripheralEnable 
000007e9  GPIODirModeSet         
00000815  _c_int00_noinit_noargs 
00000841  main                   
00000869  UARTDisable            
00000889  GPIOPinTypeUART        
0000089f  UARTEnable             
000008b3  ResetISR               
000008bf  UARTCharGet            
000008c9  UARTCharPut            
000008d3  SysCtlDelay            
000008d9  _system_pre_init       
000008dd  C$$EXIT                
000008dd  abort                  
20000000  __stack                
20000000  __start___llvm_prf_cnts
20000000  __stop___llvm_prf_cnts 
20000200  __STACK_END            
20000200  __STACK_TOP            
ffffffff  __TI_pprof_out_hndl    
ffffffff  __TI_prof_data_size    
ffffffff  __TI_prof_data_start   
ffffffff  __binit__              
ffffffff  __c_args__             
ffffffff  binit                  
UNDEFED   __mpu_init             

[44 symbols]
